// Jest Snapshot v1, https://goo.gl/fbAQLP

exports[`expect to render Profile Component 1`] = `ShallowWrapper {}`;
