// Jest Snapshot v1, https://goo.gl/fbAQLP

exports[`expect to render NavBar Component 1`] = `ShallowWrapper {}`;
